../Core/Src/main.c:92:5:main	16	static
../Core/Src/main.c:166:6:SystemClock_Config	120	static
../Core/Src/main.c:222:13:MX_ADC3_Init	40	static
../Core/Src/main.c:281:13:MX_I2C1_Init	8	static
../Core/Src/main.c:329:13:MX_I2C2_Init	8	static
../Core/Src/main.c:377:13:MX_I2C4_Init	8	static
../Core/Src/main.c:425:13:MX_IWDG1_Init	8	static
../Core/Src/main.c:454:13:MX_TIM1_Init	96	static
../Core/Src/main.c:536:13:MX_TIM8_Init	96	static
../Core/Src/main.c:618:13:MX_UART4_Init	8	static
../Core/Src/main.c:666:13:MX_UART5_Init	8	static
../Core/Src/main.c:714:13:MX_GPIO_Init	40	static
../Core/Src/main.c:740:6:MPU_Config	24	static
../Core/Src/main.c:771:6:Error_Handler	4	static,ignoring_inline_asm
