C:/Users/sbush/Desktop/AERO4701_Space3/GOOSE_H743_OBC_Bringup/Core/Src/ads_app.c:15:6:ADS_App_Init	8	static
C:/Users/sbush/Desktop/AERO4701_Space3/GOOSE_H743_OBC_Bringup/Core/Src/ads_app.c:20:6:ADS_App_Run	8	static
C:/Users/sbush/Desktop/AERO4701_Space3/GOOSE_H743_OBC_Bringup/Core/Src/ads_app.c:25:6:ADS_App_IsHealthy	8	static
C:/Users/sbush/Desktop/AERO4701_Space3/GOOSE_H743_OBC_Bringup/Core/Src/ads_app.c:30:6:ADS_App_IsInitialized	8	static
C:/Users/sbush/Desktop/AERO4701_Space3/GOOSE_H743_OBC_Bringup/Core/Src/ads_app.c:35:6:ADS_App_IsSensorBackendInitialized	8	static
C:/Users/sbush/Desktop/AERO4701_Space3/GOOSE_H743_OBC_Bringup/Core/Src/ads_app.c:40:10:ADS_App_GetLoopCount	8	static
C:/Users/sbush/Desktop/AERO4701_Space3/GOOSE_H743_OBC_Bringup/Core/Src/ads_app.c:45:12:ADS_App_GetOutput	16	static
C:/Users/sbush/Desktop/AERO4701_Space3/GOOSE_H743_OBC_Bringup/Core/Src/ads_app.c:50:12:ADS_App_GetStatus	16	static
C:/Users/sbush/Desktop/AERO4701_Space3/GOOSE_H743_OBC_Bringup/Core/Src/ads_app.c:55:17:ADS_App_GetLastFaultReason	8	static
C:/Users/sbush/Desktop/AERO4701_Space3/GOOSE_H743_OBC_Bringup/Core/Src/ads_app.c:60:13:ADS_App_GetLastFaultReasonName	8	static
C:/Users/sbush/Desktop/AERO4701_Space3/GOOSE_H743_OBC_Bringup/Core/Src/ads_app.c:65:24:ADS_App_GetRuntimeCheck	16	static
C:/Users/sbush/Desktop/AERO4701_Space3/GOOSE_H743_OBC_Bringup/Core/Src/ads_app.c:70:18:ADS_App_GetTimingStatus	16	static
C:/Users/sbush/Desktop/AERO4701_Space3/GOOSE_H743_OBC_Bringup/Core/Src/ads_app.c:75:28:ADS_App_GetSensorValidation	16	static
C:/Users/sbush/Desktop/AERO4701_Space3/GOOSE_H743_OBC_Bringup/Core/Src/ads_app.c:80:23:ADS_App_GetConfigCheck	16	static
C:/Users/sbush/Desktop/AERO4701_Space3/GOOSE_H743_OBC_Bringup/Core/Src/ads_app.c:85:27:ADS_App_GetSensorInterfaceStatus	16	static
C:/Users/sbush/Desktop/AERO4701_Space3/GOOSE_H743_OBC_Bringup/Core/Src/ads_app.c:90:22:ADS_App_GetHealthSummary	240	static
C:/Users/sbush/Desktop/AERO4701_Space3/GOOSE_H743_OBC_Bringup/Core/Src/ads_app.c:131:15:ADS_App_GetBuildInfo	16	static
C:/Users/sbush/Desktop/AERO4701_Space3/GOOSE_H743_OBC_Bringup/Core/Src/ads_app.c:136:13:ADS_App_GetBuildTargetName	8	static
C:/Users/sbush/Desktop/AERO4701_Space3/GOOSE_H743_OBC_Bringup/Core/Src/ads_app.c:141:13:ADS_App_GetSensorSourceName	80	static
