C:/Users/sbush/Desktop/AERO4701_Space3/GOOSE_H743_OBC_Bringup/Core/Src/ads_runtime_check.c:9:13:ADS_RuntimeCheck_IsFiniteFloat	16	static
C:/Users/sbush/Desktop/AERO4701_Space3/GOOSE_H743_OBC_Bringup/Core/Src/ads_runtime_check.c:14:6:ADS_RuntimeCheck_Init	8	static
C:/Users/sbush/Desktop/AERO4701_Space3/GOOSE_H743_OBC_Bringup/Core/Src/ads_runtime_check.c:19:24:ADS_RuntimeCheck_Evaluate	80	static
C:/Users/sbush/Desktop/AERO4701_Space3/GOOSE_H743_OBC_Bringup/Core/Src/ads_runtime_check.c:114:24:ADS_RuntimeCheck_GetLastResult	24	static
