C:/Users/sbush/Desktop/AERO4701_Space3/GOOSE_H743_OBC_Bringup/Core/Src/ads_status.c:7:6:ADS_Status_Init	8	static
C:/Users/sbush/Desktop/AERO4701_Space3/GOOSE_H743_OBC_Bringup/Core/Src/ads_status.c:15:6:ADS_Status_Update	16	static
C:/Users/sbush/Desktop/AERO4701_Space3/GOOSE_H743_OBC_Bringup/Core/Src/ads_status.c:29:12:ADS_Status_Get	16	static
C:/Users/sbush/Desktop/AERO4701_Space3/GOOSE_H743_OBC_Bringup/Core/Src/ads_status.c:34:17:ADS_Status_GetLastFaultReason	4	static
C:/Users/sbush/Desktop/AERO4701_Space3/GOOSE_H743_OBC_Bringup/Core/Src/ads_status.c:39:13:ADS_Status_FaultReasonName	16	static
C:/Users/sbush/Desktop/AERO4701_Space3/GOOSE_H743_OBC_Bringup/Core/Src/ads_status.c:72:19:ADS_Status_GetBackendStatus	4	static
