C:/Users/sbush/Desktop/AERO4701_Space3/GOOSE_H743_OBC_Bringup/Core/Src/main.c:206:26:GOOSE_ICM20948_WriteReg	32	static
C:/Users/sbush/Desktop/AERO4701_Space3/GOOSE_H743_OBC_Bringup/Core/Src/main.c:219:26:GOOSE_AK09916_WriteReg	32	static
C:/Users/sbush/Desktop/AERO4701_Space3/GOOSE_H743_OBC_Bringup/Core/Src/main.c:230:26:GOOSE_AK09916_ReadReg	32	static
C:/Users/sbush/Desktop/AERO4701_Space3/GOOSE_H743_OBC_Bringup/Core/Src/main.c:241:26:GOOSE_AK09916_ReadRegs	32	static
C:/Users/sbush/Desktop/AERO4701_Space3/GOOSE_H743_OBC_Bringup/Core/Src/main.c:254:13:GOOSE_AK09916_InitForTelemetry	16	static
C:/Users/sbush/Desktop/AERO4701_Space3/GOOSE_H743_OBC_Bringup/Core/Src/main.c:344:13:GOOSE_AK09916_ReadMagOnce	24	static
C:/Users/sbush/Desktop/AERO4701_Space3/GOOSE_H743_OBC_Bringup/Core/Src/main.c:402:5:main	360	static
C:/Users/sbush/Desktop/AERO4701_Space3/GOOSE_H743_OBC_Bringup/Core/Src/main.c:790:6:SystemClock_Config	120	static
C:/Users/sbush/Desktop/AERO4701_Space3/GOOSE_H743_OBC_Bringup/Core/Src/main.c:841:13:MX_I2C2_Init	8	static
C:/Users/sbush/Desktop/AERO4701_Space3/GOOSE_H743_OBC_Bringup/Core/Src/main.c:940:13:MX_USART1_UART_Init	8	static
C:/Users/sbush/Desktop/AERO4701_Space3/GOOSE_H743_OBC_Bringup/Core/Src/main.c:988:13:MX_GPIO_Init	40	static
C:/Users/sbush/Desktop/AERO4701_Space3/GOOSE_H743_OBC_Bringup/Core/Src/main.c:1015:5:__io_putchar	24	static
C:/Users/sbush/Desktop/AERO4701_Space3/GOOSE_H743_OBC_Bringup/Core/Src/main.c:1025:6:MPU_Config	24	static
C:/Users/sbush/Desktop/AERO4701_Space3/GOOSE_H743_OBC_Bringup/Core/Src/main.c:1056:6:Error_Handler	4	static,ignoring_inline_asm
