C:/Users/sbush/Desktop/AERO4701_Space3/GOOSE_H743_OBC_Bringup/Core/Src/stm32h7xx_it.c:70:6:NMI_Handler	4	static
C:/Users/sbush/Desktop/AERO4701_Space3/GOOSE_H743_OBC_Bringup/Core/Src/stm32h7xx_it.c:85:6:HardFault_Handler	4	static
C:/Users/sbush/Desktop/AERO4701_Space3/GOOSE_H743_OBC_Bringup/Core/Src/stm32h7xx_it.c:100:6:MemManage_Handler	4	static
C:/Users/sbush/Desktop/AERO4701_Space3/GOOSE_H743_OBC_Bringup/Core/Src/stm32h7xx_it.c:115:6:BusFault_Handler	4	static
C:/Users/sbush/Desktop/AERO4701_Space3/GOOSE_H743_OBC_Bringup/Core/Src/stm32h7xx_it.c:130:6:UsageFault_Handler	4	static
C:/Users/sbush/Desktop/AERO4701_Space3/GOOSE_H743_OBC_Bringup/Core/Src/stm32h7xx_it.c:145:6:SVC_Handler	4	static
C:/Users/sbush/Desktop/AERO4701_Space3/GOOSE_H743_OBC_Bringup/Core/Src/stm32h7xx_it.c:158:6:DebugMon_Handler	4	static
C:/Users/sbush/Desktop/AERO4701_Space3/GOOSE_H743_OBC_Bringup/Core/Src/stm32h7xx_it.c:171:6:PendSV_Handler	4	static
C:/Users/sbush/Desktop/AERO4701_Space3/GOOSE_H743_OBC_Bringup/Core/Src/stm32h7xx_it.c:184:6:SysTick_Handler	8	static
C:/Users/sbush/Desktop/AERO4701_Space3/GOOSE_H743_OBC_Bringup/Core/Src/stm32h7xx_it.c:205:6:USART1_IRQHandler	8	static
C:/Users/sbush/Desktop/AERO4701_Space3/GOOSE_H743_OBC_Bringup/Core/Src/stm32h7xx_it.c:219:6:UART4_IRQHandler	8	static
