../Core/Src/bq25798.c:5:17:clamp_u16	16	static
../Core/Src/bq25798.c:12:6:BQ25798_IsConnected	8	static
../Core/Src/bq25798.c:22:19:BQ25798_Read8	32	static
../Core/Src/bq25798.c:35:19:BQ25798_Write8	32	static
../Core/Src/bq25798.c:48:19:BQ25798_Read16	40	static
../Core/Src/bq25798.c:70:19:BQ25798_Write16	40	static
../Core/Src/bq25798.c:88:6:BQ25798_SetMinSystemVoltage_mV	24	static
../Core/Src/bq25798.c:104:6:BQ25798_SetChargeVoltage_mV	24	static
../Core/Src/bq25798.c:120:6:BQ25798_SetChargeCurrent_mA	24	static
../Core/Src/bq25798.c:136:6:BQ25798_SetInputVoltageLimit_mV	24	static
../Core/Src/bq25798.c:151:6:BQ25798_SetInputCurrentLimit_mA	24	static
../Core/Src/bq25798.c:167:6:BQ25798_EnableCharging	24	static
../Core/Src/bq25798.c:182:6:BQ25798_EnableTermination	24	static
../Core/Src/bq25798.c:197:6:BQ25798_SetWatchdog	24	static
../Core/Src/bq25798.c:210:6:BQ25798_ResetWatchdog	16	static
../Core/Src/bq25798.c:222:6:BQ25798_EnableADC	24	static
../Core/Src/bq25798.c:237:14:adc_voltage_to_v	16	static
../Core/Src/bq25798.c:242:14:adc_current_to_a	24	static
../Core/Src/bq25798.c:248:14:adc_temp_to_c	24	static
../Core/Src/bq25798.c:254:6:BQ25798_ReadTelemetry	24	static
../Core/Src/bq25798.c:347:6:BQ25798_ReadInterruptInfo	16	static
../Core/Src/bq25798.c:395:6:BQ25798_PrintInterruptInfo	16	static
