../Core/Src/main.c:82:5:main	88	static
../Core/Src/main.c:260:6:SystemClock_Config	128	static
../Core/Src/main.c:312:13:MX_I2C1_Init	8	static
../Core/Src/main.c:360:13:MX_I2C2_Init	32	static
../Core/Src/main.c:418:13:MX_SPI1_Init	8	static
../Core/Src/main.c:458:13:MX_USART2_UART_Init	8	static
../Core/Src/main.c:493:13:MX_USB_PCD_Init	8	static
../Core/Src/main.c:524:13:MX_GPIO_Init	48	static
../Core/Src/main.c:582:5:__io_putchar	16	static
../Core/Src/main.c:593:6:Error_Handler	4	static,ignoring_inline_asm
