../Core/Src/main.c:70:9:MCP3021_ReadRaw	32	static
../Core/Src/main.c:88:7:MCP3021_ReadVoltage	24	static
../Core/Src/main.c:110:7:ReadInternalADC	16	static
../Core/Src/main.c:129:5:main	24	static
../Core/Src/main.c:201:6:SystemClock_Config	120	static
../Core/Src/main.c:256:13:MX_ADC3_Init	40	static
../Core/Src/main.c:315:13:MX_I2C4_Init	8	static
../Core/Src/main.c:363:13:MX_GPIO_Init	40	static
../Core/Src/main.c:396:6:MPU_Config	24	static
../Core/Src/main.c:427:6:Error_Handler	4	static,ignoring_inline_asm
