../Core/Src/main.c:74:9:MCP3021_ReadRaw	32	static
../Core/Src/main.c:92:7:MCP3021_ReadVoltage	24	static
../Core/Src/main.c:114:7:ReadInternalADC	16	static
../Core/Src/main.c:133:5:main	184	static
../Core/Src/main.c:249:6:SystemClock_Config	120	static
../Core/Src/main.c:304:13:MX_ADC3_Init	40	static
../Core/Src/main.c:363:13:MX_I2C4_Init	8	static
../Core/Src/main.c:411:13:MX_UART4_Init	8	static
../Core/Src/main.c:459:13:MX_GPIO_Init	48	static
../Core/Src/main.c:493:6:MPU_Config	24	static
../Core/Src/main.c:524:6:Error_Handler	4	static,ignoring_inline_asm
