../Core/Src/main.c:33:9:MCP3021_ReadRaw	32	static
../Core/Src/main.c:51:7:MCP3021_ReadVoltage	24	static
../Core/Src/main.c:116:7:ReadInternalADC	16	static
../Core/Src/main.c:129:5:main	24	static
../Core/Src/main.c:200:6:SystemClock_Config	120	static
../Core/Src/main.c:255:13:MX_ADC1_Init	48	static
../Core/Src/main.c:324:13:MX_I2C1_Init	8	static
../Core/Src/main.c:372:13:MX_GPIO_Init	16	static
../Core/Src/main.c:393:6:MPU_Config	24	static
../Core/Src/main.c:424:6:Error_Handler	4	static,ignoring_inline_asm
