../Core/Src/main.c:32:9:MCP3021_ReadRaw	32	static
../Core/Src/main.c:50:7:MCP3021_ReadVoltage	24	static
../Core/Src/main.c:107:7:ReadInternalADC	16	static
../Core/Src/main.c:120:5:main	24	static
../Core/Src/main.c:184:6:SystemClock_Config	120	static
../Core/Src/main.c:239:13:MX_ADC1_Init	48	static
../Core/Src/main.c:308:13:MX_I2C1_Init	8	static
../Core/Src/main.c:356:13:MX_GPIO_Init	16	static
../Core/Src/main.c:377:6:MPU_Config	24	static
../Core/Src/main.c:408:6:Error_Handler	4	static,ignoring_inline_asm
